<?xml version="1.0" encoding="ISO-8859-1" ?>
<link_info>
   <banner>TI ARM Linker PC v18.12.3.LTS</banner>
   <copyright>Copyright (c) 1996-2018 Texas Instruments Incorporated</copyright>
   <link_time>0x5de67d41</link_time>
   <link_errors>0x0</link_errors>
   <output_file>ECU2_integration.out</output_file>
   <entry_point>
      <name>_c_int00_noargs</name>
      <address>0x8c41</address>
   </entry_point>
   <input_file_list>
      <input_file id="fl-2">
         <path>.\</path>
         <kind>object</kind>
         <file>Delay.obj</file>
         <name>Delay.obj</name>
      </input_file>
      <input_file id="fl-3">
         <path>.\</path>
         <kind>object</kind>
         <file>Dio.obj</file>
         <name>Dio.obj</name>
      </input_file>
      <input_file id="fl-4">
         <path>.\</path>
         <kind>object</kind>
         <file>Timer0A.obj</file>
         <name>Timer0A.obj</name>
      </input_file>
      <input_file id="fl-5">
         <path>.\</path>
         <kind>object</kind>
         <file>direction_control.obj</file>
         <name>direction_control.obj</name>
      </input_file>
      <input_file id="fl-6">
         <path>.\</path>
         <kind>object</kind>
         <file>main.obj</file>
         <name>main.obj</name>
      </input_file>
      <input_file id="fl-7">
         <path>.\</path>
         <kind>object</kind>
         <file>speed_control.obj</file>
         <name>speed_control.obj</name>
      </input_file>
      <input_file id="fl-8">
         <path>.\</path>
         <kind>object</kind>
         <file>tm4c123gh6pm_startup_ccs.obj</file>
         <name>tm4c123gh6pm_startup_ccs.obj</name>
      </input_file>
      <input_file id="fl-9">
         <path>.\OS\</path>
         <kind>object</kind>
         <file>Lcfg.obj</file>
         <name>Lcfg.obj</name>
      </input_file>
      <input_file id="fl-a">
         <path>.\OS\</path>
         <kind>object</kind>
         <file>alarm.obj</file>
         <name>alarm.obj</name>
      </input_file>
      <input_file id="fl-b">
         <path>.\OS\</path>
         <kind>object</kind>
         <file>event.obj</file>
         <name>event.obj</name>
      </input_file>
      <input_file id="fl-c">
         <path>.\OS\</path>
         <kind>object</kind>
         <file>interrupt.obj</file>
         <name>interrupt.obj</name>
      </input_file>
      <input_file id="fl-d">
         <path>.\OS\</path>
         <kind>object</kind>
         <file>resource.obj</file>
         <name>resource.obj</name>
      </input_file>
      <input_file id="fl-e">
         <path>.\OS\</path>
         <kind>object</kind>
         <file>task.obj</file>
         <name>task.obj</name>
      </input_file>
      <input_file id="fl-f">
         <path>.\Rte\</path>
         <kind>object</kind>
         <file>Rte_CanMessage.obj</file>
         <name>Rte_CanMessage.obj</name>
      </input_file>
      <input_file id="fl-10">
         <path>.\Rte\</path>
         <kind>object</kind>
         <file>Rte_PWMs.obj</file>
         <name>Rte_PWMs.obj</name>
      </input_file>
      <input_file id="fl-11">
         <path>.\driverlib\</path>
         <kind>object</kind>
         <file>adc.obj</file>
         <name>adc.obj</name>
      </input_file>
      <input_file id="fl-12">
         <path>.\driverlib\</path>
         <kind>object</kind>
         <file>aes.obj</file>
         <name>aes.obj</name>
      </input_file>
      <input_file id="fl-13">
         <path>.\driverlib\</path>
         <kind>object</kind>
         <file>can.obj</file>
         <name>can.obj</name>
      </input_file>
      <input_file id="fl-14">
         <path>.\driverlib\</path>
         <kind>object</kind>
         <file>comp.obj</file>
         <name>comp.obj</name>
      </input_file>
      <input_file id="fl-15">
         <path>.\driverlib\</path>
         <kind>object</kind>
         <file>cpu.obj</file>
         <name>cpu.obj</name>
      </input_file>
      <input_file id="fl-16">
         <path>.\driverlib\</path>
         <kind>object</kind>
         <file>crc.obj</file>
         <name>crc.obj</name>
      </input_file>
      <input_file id="fl-17">
         <path>.\driverlib\</path>
         <kind>object</kind>
         <file>des.obj</file>
         <name>des.obj</name>
      </input_file>
      <input_file id="fl-18">
         <path>.\driverlib\</path>
         <kind>object</kind>
         <file>eeprom.obj</file>
         <name>eeprom.obj</name>
      </input_file>
      <input_file id="fl-19">
         <path>.\driverlib\</path>
         <kind>object</kind>
         <file>emac.obj</file>
         <name>emac.obj</name>
      </input_file>
      <input_file id="fl-1a">
         <path>.\driverlib\</path>
         <kind>object</kind>
         <file>epi.obj</file>
         <name>epi.obj</name>
      </input_file>
      <input_file id="fl-1b">
         <path>.\driverlib\</path>
         <kind>object</kind>
         <file>flash.obj</file>
         <name>flash.obj</name>
      </input_file>
      <input_file id="fl-1c">
         <path>.\driverlib\</path>
         <kind>object</kind>
         <file>fpu.obj</file>
         <name>fpu.obj</name>
      </input_file>
      <input_file id="fl-1d">
         <path>.\driverlib\</path>
         <kind>object</kind>
         <file>gpio.obj</file>
         <name>gpio.obj</name>
      </input_file>
      <input_file id="fl-1e">
         <path>.\driverlib\</path>
         <kind>object</kind>
         <file>hibernate.obj</file>
         <name>hibernate.obj</name>
      </input_file>
      <input_file id="fl-1f">
         <path>.\driverlib\</path>
         <kind>object</kind>
         <file>i2c.obj</file>
         <name>i2c.obj</name>
      </input_file>
      <input_file id="fl-20">
         <path>.\driverlib\</path>
         <kind>object</kind>
         <file>interrupt.obj</file>
         <name>interrupt.obj</name>
      </input_file>
      <input_file id="fl-21">
         <path>.\driverlib\</path>
         <kind>object</kind>
         <file>lcd.obj</file>
         <name>lcd.obj</name>
      </input_file>
      <input_file id="fl-22">
         <path>.\driverlib\</path>
         <kind>object</kind>
         <file>mpu.obj</file>
         <name>mpu.obj</name>
      </input_file>
      <input_file id="fl-23">
         <path>.\driverlib\</path>
         <kind>object</kind>
         <file>onewire.obj</file>
         <name>onewire.obj</name>
      </input_file>
      <input_file id="fl-24">
         <path>.\driverlib\</path>
         <kind>object</kind>
         <file>pwm.obj</file>
         <name>pwm.obj</name>
      </input_file>
      <input_file id="fl-25">
         <path>.\driverlib\</path>
         <kind>object</kind>
         <file>qei.obj</file>
         <name>qei.obj</name>
      </input_file>
      <input_file id="fl-26">
         <path>.\driverlib\</path>
         <kind>object</kind>
         <file>shamd5.obj</file>
         <name>shamd5.obj</name>
      </input_file>
      <input_file id="fl-27">
         <path>.\driverlib\</path>
         <kind>object</kind>
         <file>ssi.obj</file>
         <name>ssi.obj</name>
      </input_file>
      <input_file id="fl-28">
         <path>.\driverlib\</path>
         <kind>object</kind>
         <file>sw_crc.obj</file>
         <name>sw_crc.obj</name>
      </input_file>
      <input_file id="fl-29">
         <path>.\driverlib\</path>
         <kind>object</kind>
         <file>sysctl.obj</file>
         <name>sysctl.obj</name>
      </input_file>
      <input_file id="fl-2a">
         <path>.\driverlib\</path>
         <kind>object</kind>
         <file>sysexc.obj</file>
         <name>sysexc.obj</name>
      </input_file>
      <input_file id="fl-2b">
         <path>.\driverlib\</path>
         <kind>object</kind>
         <file>systick.obj</file>
         <name>systick.obj</name>
      </input_file>
      <input_file id="fl-2c">
         <path>.\driverlib\</path>
         <kind>object</kind>
         <file>timer.obj</file>
         <name>timer.obj</name>
      </input_file>
      <input_file id="fl-2d">
         <path>.\driverlib\</path>
         <kind>object</kind>
         <file>uart.obj</file>
         <name>uart.obj</name>
      </input_file>
      <input_file id="fl-2e">
         <path>.\driverlib\</path>
         <kind>object</kind>
         <file>udma.obj</file>
         <name>udma.obj</name>
      </input_file>
      <input_file id="fl-2f">
         <path>.\driverlib\</path>
         <kind>object</kind>
         <file>usb.obj</file>
         <name>usb.obj</name>
      </input_file>
      <input_file id="fl-30">
         <path>.\driverlib\</path>
         <kind>object</kind>
         <file>watchdog.obj</file>
         <name>watchdog.obj</name>
      </input_file>
      <input_file id="fl-31">
         <path>.\freertos\</path>
         <kind>object</kind>
         <file>list.obj</file>
         <name>list.obj</name>
      </input_file>
      <input_file id="fl-32">
         <path>.\portable\</path>
         <kind>object</kind>
         <file>port.obj</file>
         <name>port.obj</name>
      </input_file>
      <input_file id="fl-33">
         <path>.\portable\</path>
         <kind>object</kind>
         <file>portasm.obj</file>
         <name>portasm.obj</name>
      </input_file>
      <input_file id="fl-34">
         <path>.\source\</path>
         <kind>object</kind>
         <file>Can.obj</file>
         <name>Can.obj</name>
      </input_file>
      <input_file id="fl-35">
         <path>.\source\</path>
         <kind>object</kind>
         <file>CanIf.obj</file>
         <name>CanIf.obj</name>
      </input_file>
      <input_file id="fl-36">
         <path>.\source\</path>
         <kind>object</kind>
         <file>CanIf_Cfg.obj</file>
         <name>CanIf_Cfg.obj</name>
      </input_file>
      <input_file id="fl-37">
         <path>.\source\</path>
         <kind>object</kind>
         <file>CanIf_Sec_cfg.obj</file>
         <name>CanIf_Sec_cfg.obj</name>
      </input_file>
      <input_file id="fl-38">
         <path>.\source\</path>
         <kind>object</kind>
         <file>CanTpRuntime.obj</file>
         <name>CanTpRuntime.obj</name>
      </input_file>
      <input_file id="fl-39">
         <path>.\source\</path>
         <kind>object</kind>
         <file>CanTp_Cfg.obj</file>
         <name>CanTp_Cfg.obj</name>
      </input_file>
      <input_file id="fl-3a">
         <path>.\source\</path>
         <kind>object</kind>
         <file>Com.obj</file>
         <name>Com.obj</name>
      </input_file>
      <input_file id="fl-3b">
         <path>.\source\</path>
         <kind>object</kind>
         <file>Com_Asu_Cfg.obj</file>
         <name>Com_Asu_Cfg.obj</name>
      </input_file>
      <input_file id="fl-3c">
         <path>.\source\</path>
         <kind>object</kind>
         <file>Com_Buffer.obj</file>
         <name>Com_Buffer.obj</name>
      </input_file>
      <input_file id="fl-3d">
         <path>.\source\</path>
         <kind>object</kind>
         <file>Com_Cfg.obj</file>
         <name>Com_Cfg.obj</name>
      </input_file>
      <input_file id="fl-3e">
         <path>.\source\</path>
         <kind>object</kind>
         <file>Com_helper.obj</file>
         <name>Com_helper.obj</name>
      </input_file>
      <input_file id="fl-3f">
         <path>.\source\</path>
         <kind>object</kind>
         <file>Helper_Functions.obj</file>
         <name>Helper_Functions.obj</name>
      </input_file>
      <input_file id="fl-40">
         <path>.\source\</path>
         <kind>object</kind>
         <file>PDURmy.obj</file>
         <name>PDURmy.obj</name>
      </input_file>
      <input_file id="fl-41">
         <path>.\source\</path>
         <kind>object</kind>
         <file>PduR.obj</file>
         <name>PduR.obj</name>
      </input_file>
      <input_file id="fl-42">
         <path>.\source\</path>
         <kind>object</kind>
         <file>PduR_helper.obj</file>
         <name>PduR_helper.obj</name>
      </input_file>
      <input_file id="fl-43">
         <path>.\source\</path>
         <kind>object</kind>
         <file>cantp.obj</file>
         <name>cantp.obj</name>
      </input_file>
      <input_file id="fl-47">
         <kind>object</kind>
         <file>&lt;internal&gt;</file>
         <name>&lt;internal&gt;</name>
      </input_file>
      <input_file id="fl-fd">
         <path>C:\ti\ccs920\ccs\tools\compiler\ti-cgt-arm_18.12.3.LTS\lib\</path>
         <kind>archive</kind>
         <file>rtsv7M4_T_le_v4SPD16_eabi.lib</file>
         <name>memset_t2.asm.obj</name>
      </input_file>
      <input_file id="fl-fe">
         <path>C:\ti\ccs920\ccs\tools\compiler\ti-cgt-arm_18.12.3.LTS\lib\</path>
         <kind>archive</kind>
         <file>rtsv7M4_T_le_v4SPD16_eabi.lib</file>
         <name>fd_toi_t2.asm.obj</name>
      </input_file>
      <input_file id="fl-ff">
         <path>C:\ti\ccs920\ccs\tools\compiler\ti-cgt-arm_18.12.3.LTS\lib\</path>
         <kind>archive</kind>
         <file>rtsv7M4_T_le_v4SPD16_eabi.lib</file>
         <name>fd_tou_t2.asm.obj</name>
      </input_file>
      <input_file id="fl-100">
         <path>C:\ti\ccs920\ccs\tools\compiler\ti-cgt-arm_18.12.3.LTS\lib\</path>
         <kind>archive</kind>
         <file>rtsv7M4_T_le_v4SPD16_eabi.lib</file>
         <name>ll_mul_t2.asm.obj</name>
      </input_file>
      <input_file id="fl-101">
         <path>C:\ti\ccs920\ccs\tools\compiler\ti-cgt-arm_18.12.3.LTS\lib\</path>
         <kind>archive</kind>
         <file>rtsv7M4_T_le_v4SPD16_eabi.lib</file>
         <name>memcpy_t2.asm.obj</name>
      </input_file>
      <input_file id="fl-102">
         <path>C:\ti\ccs920\ccs\tools\compiler\ti-cgt-arm_18.12.3.LTS\lib\</path>
         <kind>archive</kind>
         <file>rtsv7M4_T_le_v4SPD16_eabi.lib</file>
         <name>copy_zero_init.c.obj</name>
      </input_file>
      <input_file id="fl-103">
         <path>C:\ti\ccs920\ccs\tools\compiler\ti-cgt-arm_18.12.3.LTS\lib\</path>
         <kind>archive</kind>
         <file>rtsv7M4_T_le_v4SPD16_eabi.lib</file>
         <name>copy_decompress_none.c.obj</name>
      </input_file>
      <input_file id="fl-104">
         <path>C:\ti\ccs920\ccs\tools\compiler\ti-cgt-arm_18.12.3.LTS\lib\</path>
         <kind>archive</kind>
         <file>rtsv7M4_T_le_v4SPD16_eabi.lib</file>
         <name>copy_decompress_lzss.c.obj</name>
      </input_file>
      <input_file id="fl-105">
         <path>C:\ti\ccs920\ccs\tools\compiler\ti-cgt-arm_18.12.3.LTS\lib\</path>
         <kind>archive</kind>
         <file>rtsv7M4_T_le_v4SPD16_eabi.lib</file>
         <name>boot_cortex_m.c.obj</name>
      </input_file>
      <input_file id="fl-106">
         <path>C:\ti\ccs920\ccs\tools\compiler\ti-cgt-arm_18.12.3.LTS\lib\</path>
         <kind>archive</kind>
         <file>rtsv7M4_T_le_v4SPD16_eabi.lib</file>
         <name>autoinit.c.obj</name>
      </input_file>
      <input_file id="fl-107">
         <path>C:\ti\ccs920\ccs\tools\compiler\ti-cgt-arm_18.12.3.LTS\lib\</path>
         <kind>archive</kind>
         <file>rtsv7M4_T_le_v4SPD16_eabi.lib</file>
         <name>pre_init.c.obj</name>
      </input_file>
      <input_file id="fl-108">
         <path>C:\ti\ccs920\ccs\tools\compiler\ti-cgt-arm_18.12.3.LTS\lib\</path>
         <kind>archive</kind>
         <file>rtsv7M4_T_le_v4SPD16_eabi.lib</file>
         <name>cpy_tbl.c.obj</name>
      </input_file>
      <input_file id="fl-109">
         <path>C:\ti\ccs920\ccs\tools\compiler\ti-cgt-arm_18.12.3.LTS\lib\</path>
         <kind>archive</kind>
         <file>rtsv7M4_T_le_v4SPD16_eabi.lib</file>
         <name>exit.c.obj</name>
      </input_file>
      <input_file id="fl-10a">
         <path>C:\ti\ccs920\ccs\tools\compiler\ti-cgt-arm_18.12.3.LTS\lib\</path>
         <kind>archive</kind>
         <file>rtsv7M4_T_le_v4SPD16_eabi.lib</file>
         <name>_lock.c.obj</name>
      </input_file>
      <input_file id="fl-10b">
         <path>C:\ti\ccs920\ccs\tools\compiler\ti-cgt-arm_18.12.3.LTS\lib\</path>
         <kind>archive</kind>
         <file>rtsv7M4_T_le_v4SPD16_eabi.lib</file>
         <name>args_main.c.obj</name>
      </input_file>
   </input_file_list>
   <object_component_list>
      <object_component id="oc-f">
         <name>.intvecs</name>
         <load_address>0x0</load_address>
         <run_address>0x0</run_address>
         <size>0x268</size>
         <input_file_ref idref="fl-8"/>
      </object_component>
      <object_component id="oc-35">
         <name>.text</name>
         <load_address>0x268</load_address>
         <run_address>0x268</run_address>
         <size>0x16ac</size>
         <input_file_ref idref="fl-34"/>
      </object_component>
      <object_component id="oc-b9">
         <name>.text</name>
         <load_address>0x1914</load_address>
         <run_address>0x1914</run_address>
         <size>0xf80</size>
         <input_file_ref idref="fl-29"/>
      </object_component>
      <object_component id="oc-2f8">
         <name>.text</name>
         <load_address>0x2894</load_address>
         <run_address>0x2894</run_address>
         <size>0xc58</size>
         <input_file_ref idref="fl-3f"/>
      </object_component>
      <object_component id="oc-dd">
         <name>.text</name>
         <load_address>0x34ec</load_address>
         <run_address>0x34ec</run_address>
         <size>0xb94</size>
         <input_file_ref idref="fl-1d"/>
      </object_component>
      <object_component id="oc-98">
         <name>.text</name>
         <load_address>0x4080</load_address>
         <run_address>0x4080</run_address>
         <size>0xa28</size>
         <input_file_ref idref="fl-13"/>
      </object_component>
      <object_component id="oc-312">
         <name>.text</name>
         <load_address>0x4aa8</load_address>
         <run_address>0x4aa8</run_address>
         <size>0x974</size>
         <input_file_ref idref="fl-3a"/>
      </object_component>
      <object_component id="oc-332">
         <name>.text</name>
         <load_address>0x541c</load_address>
         <run_address>0x541c</run_address>
         <size>0x718</size>
         <input_file_ref idref="fl-24"/>
      </object_component>
      <object_component id="oc-d7">
         <name>.text</name>
         <load_address>0x5b34</load_address>
         <run_address>0x5b34</run_address>
         <size>0x670</size>
         <input_file_ref idref="fl-35"/>
      </object_component>
      <object_component id="oc-1f2">
         <name>.text</name>
         <load_address>0x61a4</load_address>
         <run_address>0x61a4</run_address>
         <size>0x66c</size>
         <input_file_ref idref="fl-43"/>
      </object_component>
      <object_component id="oc-82">
         <name>.text</name>
         <load_address>0x6810</load_address>
         <run_address>0x6810</run_address>
         <size>0x63c</size>
         <input_file_ref idref="fl-e"/>
      </object_component>
      <object_component id="oc-150">
         <name>.text</name>
         <load_address>0x6e4c</load_address>
         <run_address>0x6e4c</run_address>
         <size>0x598</size>
         <input_file_ref idref="fl-a"/>
      </object_component>
      <object_component id="oc-3bb">
         <name>.text</name>
         <load_address>0x73e4</load_address>
         <run_address>0x73e4</run_address>
         <size>0x590</size>
         <input_file_ref idref="fl-3c"/>
      </object_component>
      <object_component id="oc-bf">
         <name>.text</name>
         <load_address>0x7974</load_address>
         <run_address>0x7974</run_address>
         <size>0x3c0</size>
         <input_file_ref idref="fl-20"/>
      </object_component>
      <object_component id="oc-25b">
         <name>.text</name>
         <load_address>0x7d34</load_address>
         <run_address>0x7d34</run_address>
         <size>0x1ec</size>
         <input_file_ref idref="fl-b"/>
      </object_component>
      <object_component id="oc-33e">
         <name>.text</name>
         <load_address>0x7f20</load_address>
         <run_address>0x7f20</run_address>
         <size>0x1c8</size>
         <input_file_ref idref="fl-7"/>
      </object_component>
      <object_component id="oc-30c">
         <name>.text</name>
         <load_address>0x80e8</load_address>
         <run_address>0x80e8</run_address>
         <size>0x164</size>
         <input_file_ref idref="fl-42"/>
      </object_component>
      <object_component id="oc-2f">
         <name>.text</name>
         <load_address>0x824c</load_address>
         <run_address>0x824c</run_address>
         <size>0x13c</size>
         <input_file_ref idref="fl-32"/>
      </object_component>
      <object_component id="oc-14a">
         <name>.text</name>
         <load_address>0x8388</load_address>
         <run_address>0x8388</run_address>
         <size>0x12a</size>
         <input_file_ref idref="fl-31"/>
      </object_component>
      <object_component id="oc-1f8">
         <name>.text</name>
         <load_address>0x84b4</load_address>
         <run_address>0x84b4</run_address>
         <size>0x118</size>
         <input_file_ref idref="fl-41"/>
      </object_component>
      <object_component id="oc-255">
         <name>.text</name>
         <load_address>0x85cc</load_address>
         <run_address>0x85cc</run_address>
         <size>0xe4</size>
         <input_file_ref idref="fl-10"/>
      </object_component>
      <object_component id="oc-2a">
         <name>.text</name>
         <load_address>0x86b0</load_address>
         <run_address>0x86b0</run_address>
         <size>0xda</size>
         <input_file_ref idref="fl-33"/>
      </object_component>
      <object_component id="oc-338">
         <name>.text</name>
         <load_address>0x878c</load_address>
         <run_address>0x878c</run_address>
         <size>0xb0</size>
         <input_file_ref idref="fl-5"/>
      </object_component>
      <object_component id="oc-49">
         <name>.text</name>
         <load_address>0x883c</load_address>
         <run_address>0x883c</run_address>
         <size>0x9c</size>
         <input_file_ref idref="fl-101"/>
      </object_component>
      <object_component id="oc-ae">
         <name>.text</name>
         <load_address>0x88d8</load_address>
         <run_address>0x88d8</run_address>
         <size>0x7a</size>
         <input_file_ref idref="fl-fd"/>
      </object_component>
      <object_component id="oc-3c7">
         <name>.text</name>
         <load_address>0x8952</load_address>
         <run_address>0x8952</run_address>
         <size>0x72</size>
         <input_file_ref idref="fl-3e"/>
      </object_component>
      <object_component id="oc-d1">
         <name>.text</name>
         <load_address>0x89c4</load_address>
         <run_address>0x89c4</run_address>
         <size>0x70</size>
         <input_file_ref idref="fl-4"/>
      </object_component>
      <object_component id="oc-12">
         <name>.text:decompress:lzss:__TI_decompress_lzss</name>
         <load_address>0x8a34</load_address>
         <run_address>0x8a34</run_address>
         <size>0x68</size>
         <input_file_ref idref="fl-104"/>
      </object_component>
      <object_component id="oc-133">
         <name>.text</name>
         <load_address>0x8a9c</load_address>
         <run_address>0x8a9c</run_address>
         <size>0x5c</size>
         <input_file_ref idref="fl-6"/>
      </object_component>
      <object_component id="oc-385">
         <name>.text</name>
         <load_address>0x8af8</load_address>
         <run_address>0x8af8</run_address>
         <size>0x48</size>
         <input_file_ref idref="fl-fe"/>
      </object_component>
      <object_component id="oc-277">
         <name>.text:__TI_auto_init_nobinit_nopinit:__TI_auto_init_nobinit_nopinit</name>
         <load_address>0x8b40</load_address>
         <run_address>0x8b40</run_address>
         <size>0x44</size>
         <input_file_ref idref="fl-106"/>
      </object_component>
      <object_component id="oc-301">
         <name>.text</name>
         <load_address>0x8b84</load_address>
         <run_address>0x8b84</run_address>
         <size>0x44</size>
         <input_file_ref idref="fl-ff"/>
      </object_component>
      <object_component id="oc-1bc">
         <name>.text</name>
         <load_address>0x8bc8</load_address>
         <run_address>0x8bc8</run_address>
         <size>0x3e</size>
         <input_file_ref idref="fl-15"/>
      </object_component>
      <object_component id="oc-261">
         <name>.text</name>
         <load_address>0x8c08</load_address>
         <run_address>0x8c08</run_address>
         <size>0x38</size>
         <input_file_ref idref="fl-f"/>
      </object_component>
      <object_component id="oc-67">
         <name>.text:_c_int00_noargs:_c_int00_noargs</name>
         <load_address>0x8c40</load_address>
         <run_address>0x8c40</run_address>
         <size>0x34</size>
         <input_file_ref idref="fl-105"/>
      </object_component>
      <object_component id="oc-24f">
         <name>.text</name>
         <load_address>0x8c74</load_address>
         <run_address>0x8c74</run_address>
         <size>0x30</size>
         <input_file_ref idref="fl-3"/>
      </object_component>
      <object_component id="oc-437">
         <name>.text</name>
         <load_address>0x8ca4</load_address>
         <run_address>0x8ca4</run_address>
         <size>0x18</size>
         <input_file_ref idref="fl-100"/>
      </object_component>
      <object_component id="oc-18">
         <name>.text:decompress:none:__TI_decompress_none</name>
         <load_address>0x8cbc</load_address>
         <run_address>0x8cbc</run_address>
         <size>0xe</size>
         <input_file_ref idref="fl-103"/>
      </object_component>
      <object_component id="oc-5b">
         <name>.text:decompress:ZI:__TI_zero_init</name>
         <load_address>0x8cca</load_address>
         <run_address>0x8cca</run_address>
         <size>0xc</size>
         <input_file_ref idref="fl-102"/>
      </object_component>
      <object_component id="oc-24">
         <name>.text</name>
         <load_address>0x8cd6</load_address>
         <run_address>0x8cd6</run_address>
         <size>0xc</size>
         <input_file_ref idref="fl-8"/>
      </object_component>
      <object_component id="oc-1cb">
         <name>.text:SysCtlDelay</name>
         <load_address>0x8ce2</load_address>
         <run_address>0x8ce2</run_address>
         <size>0x6</size>
         <input_file_ref idref="fl-29"/>
      </object_component>
      <object_component id="oc-12d">
         <name>.text:_system_pre_init</name>
         <load_address>0x8ce8</load_address>
         <run_address>0x8ce8</run_address>
         <size>0x4</size>
         <input_file_ref idref="fl-107"/>
      </object_component>
      <object_component id="oc-26b">
         <name>.text:abort:abort</name>
         <load_address>0x8cec</load_address>
         <run_address>0x8cec</run_address>
         <size>0x4</size>
         <input_file_ref idref="fl-109"/>
      </object_component>
      <object_component id="oc-1c8">
         <name>.const:g_pppui32XTALtoVCO</name>
         <load_address>0x8cf0</load_address>
         <run_address>0x8cf0</run_address>
         <size>0x1b0</size>
         <input_file_ref idref="fl-29"/>
      </object_component>
      <object_component id="oc-b6">
         <name>.const:CanContainer</name>
         <load_address>0x8ea0</load_address>
         <run_address>0x8ea0</run_address>
         <size>0xf4</size>
         <input_file_ref idref="fl-34"/>
      </object_component>
      <object_component id="oc-9e">
         <name>.const:MailboxCfg_MAP</name>
         <load_address>0x8f94</load_address>
         <run_address>0x8f94</run_address>
         <size>0xf4</size>
         <input_file_ref idref="fl-34"/>
      </object_component>
      <object_component id="oc-20d">
         <name>.const:g_ppui32GPIOIntMapSnowflake</name>
         <load_address>0x9088</load_address>
         <run_address>0x9088</run_address>
         <size>0xd8</size>
         <input_file_ref idref="fl-1d"/>
      </object_component>
      <object_component id="oc-20a">
         <name>.const:g_ppui32GPIOIntMapBlizzard</name>
         <load_address>0x9160</load_address>
         <run_address>0x9160</run_address>
         <size>0xc0</size>
         <input_file_ref idref="fl-1d"/>
      </object_component>
      <object_component id="oc-1d4">
         <name>.const:g_pui32Regs</name>
         <load_address>0x9220</load_address>
         <run_address>0x9220</run_address>
         <size>0x9c</size>
         <input_file_ref idref="fl-20"/>
      </object_component>
      <object_component id="oc-210">
         <name>.const:g_pui32GPIOBaseAddrs</name>
         <load_address>0x92bc</load_address>
         <run_address>0x92bc</run_address>
         <size>0x90</size>
         <input_file_ref idref="fl-1d"/>
      </object_component>
      <object_component id="oc-7f">
         <name>.const</name>
         <load_address>0x934c</load_address>
         <run_address>0x934c</run_address>
         <size>0x4</size>
         <input_file_ref idref="fl-32"/>
      </object_component>
      <object_component id="oc-390">
         <name>.const:CanTp_RxNSdu</name>
         <load_address>0x9350</load_address>
         <run_address>0x9350</run_address>
         <size>0x80</size>
         <input_file_ref idref="fl-39"/>
      </object_component>
      <object_component id="oc-1c2">
         <name>.const:g_pui32Xtals</name>
         <load_address>0x93d0</load_address>
         <run_address>0x93d0</run_address>
         <size>0x6c</size>
         <input_file_ref idref="fl-29"/>
      </object_component>
      <object_component id="oc-393">
         <name>.const:CanTp_TxNSdu</name>
         <load_address>0x9440</load_address>
         <run_address>0x9440</run_address>
         <size>0x50</size>
         <input_file_ref idref="fl-39"/>
      </object_component>
      <object_component id="oc-1b9">
         <name>.const:g_sXTALtoMEMTIM</name>
         <load_address>0x9490</load_address>
         <run_address>0x9490</run_address>
         <size>0x30</size>
         <input_file_ref idref="fl-29"/>
      </object_component>
      <object_component id="oc-267">
         <name>.const</name>
         <load_address>0x94c0</load_address>
         <run_address>0x94c0</run_address>
         <size>0x2c</size>
         <input_file_ref idref="fl-9"/>
      </object_component>
      <object_component id="oc-2fe">
         <name>.const:CanTp_Config</name>
         <load_address>0x94f0</load_address>
         <run_address>0x94f0</run_address>
         <size>0x20</size>
         <input_file_ref idref="fl-39"/>
      </object_component>
      <object_component id="oc-1d1">
         <name>.const:g_pui32Priority</name>
         <load_address>0x9510</load_address>
         <run_address>0x9510</run_address>
         <size>0x20</size>
         <input_file_ref idref="fl-20"/>
      </object_component>
      <object_component id="oc-17f">
         <name>.const:g_ui16CANBitValues</name>
         <load_address>0x9530</load_address>
         <run_address>0x9530</run_address>
         <size>0x20</size>
         <input_file_ref idref="fl-13"/>
      </object_component>
      <object_component id="oc-1b4">
         <name>.const:McuPerClockConfigData</name>
         <load_address>0x9550</load_address>
         <run_address>0x9550</run_address>
         <size>0x18</size>
         <input_file_ref idref="fl-34"/>
      </object_component>
      <object_component id="oc-1da">
         <name>.const:g_pui32Dii16Regs</name>
         <load_address>0x9568</load_address>
         <run_address>0x9568</run_address>
         <size>0x14</size>
         <input_file_ref idref="fl-20"/>
      </object_component>
      <object_component id="oc-1d7">
         <name>.const:g_pui32EnRegs</name>
         <load_address>0x957c</load_address>
         <run_address>0x957c</run_address>
         <size>0x14</size>
         <input_file_ref idref="fl-20"/>
      </object_component>
      <object_component id="oc-1dd">
         <name>.const:g_pui32PendRegs</name>
         <load_address>0x9590</load_address>
         <run_address>0x9590</run_address>
         <size>0x14</size>
         <input_file_ref idref="fl-20"/>
      </object_component>
      <object_component id="oc-1e0">
         <name>.const:g_pui32UnpendRegs</name>
         <load_address>0x95a4</load_address>
         <run_address>0x95a4</run_address>
         <size>0x14</size>
         <input_file_ref idref="fl-20"/>
      </object_component>
      <object_component id="oc-1c5">
         <name>.const:g_pui32VCOFrequencies</name>
         <load_address>0x95b8</load_address>
         <run_address>0x95b8</run_address>
         <size>0x8</size>
         <input_file_ref idref="fl-29"/>
      </object_component>
      <object_component id="oc-488">
         <name>.cinit..data.load</name>
         <load_address>0x95c0</load_address>
         <run_address>0x95c0</run_address>
         <size>0xd6</size>
      </object_component>
      <object_component id="oc-485">
         <name>__TI_handler_table</name>
         <load_address>0x9698</load_address>
         <run_address>0x9698</run_address>
         <size>0xc</size>
      </object_component>
      <object_component id="oc-489">
         <name>.cinit..bss.load</name>
         <load_address>0x96a8</load_address>
         <run_address>0x96a8</run_address>
         <size>0x8</size>
      </object_component>
      <object_component id="oc-487">
         <name>.cinit..vtable.load</name>
         <load_address>0x96b0</load_address>
         <run_address>0x96b0</run_address>
         <size>0x8</size>
      </object_component>
      <object_component id="oc-486">
         <name>__TI_cinit_table</name>
         <load_address>0x96b8</load_address>
         <run_address>0x96b8</run_address>
         <size>0x18</size>
      </object_component>
      <object_component id="oc-1ce">
         <name>.vtable</name>
         <uninitialized>true</uninitialized>
         <run_address>0x20000000</run_address>
         <size>0x26c</size>
         <input_file_ref idref="fl-20"/>
      </object_component>
      <object_component id="oc-3dd">
         <name>.data</name>
         <load_address>0x20000c4c</load_address>
         <run_address>0x20000c4c</run_address>
         <size>0x1</size>
         <input_file_ref idref="fl-7"/>
      </object_component>
      <object_component id="oc-168">
         <name>.data:EventsInTask</name>
         <load_address>0x20000b58</load_address>
         <run_address>0x20000b58</run_address>
         <size>0x20</size>
         <input_file_ref idref="fl-9"/>
      </object_component>
      <object_component id="oc-165">
         <name>.data:TaskStruct</name>
         <load_address>0x20000a50</load_address>
         <run_address>0x20000a50</run_address>
         <size>0xa0</size>
         <input_file_ref idref="fl-9"/>
      </object_component>
      <object_component id="oc-2ad">
         <name>.data:CounterStruct</name>
         <load_address>0x20000af0</load_address>
         <run_address>0x20000af0</run_address>
         <size>0x3c</size>
         <input_file_ref idref="fl-9"/>
      </object_component>
      <object_component id="oc-2b6">
         <name>.data:AlarmStruct</name>
         <load_address>0x20000960</load_address>
         <run_address>0x20000960</run_address>
         <size>0xf0</size>
         <input_file_ref idref="fl-9"/>
      </object_component>
      <object_component id="oc-2b0">
         <name>.data</name>
         <load_address>0x20000c14</load_address>
         <run_address>0x20000c14</run_address>
         <size>0x8</size>
         <input_file_ref idref="fl-a"/>
      </object_component>
      <object_component id="oc-7c">
         <name>.data</name>
         <load_address>0x20000b2c</load_address>
         <run_address>0x20000b2c</run_address>
         <size>0x2c</size>
         <input_file_ref idref="fl-e"/>
      </object_component>
      <object_component id="oc-89">
         <name>.data</name>
         <load_address>0x20000c38</load_address>
         <run_address>0x20000c38</run_address>
         <size>0x4</size>
         <input_file_ref idref="fl-32"/>
      </object_component>
      <object_component id="oc-a1">
         <name>.data:state_transition_flag</name>
         <load_address>0x20000c49</load_address>
         <run_address>0x20000c49</run_address>
         <size>0x2</size>
         <input_file_ref idref="fl-34"/>
      </object_component>
      <object_component id="oc-a7">
         <name>.data</name>
         <load_address>0x20000c3c</load_address>
         <run_address>0x20000c3c</run_address>
         <size>0x3</size>
         <input_file_ref idref="fl-34"/>
      </object_component>
      <object_component id="oc-200">
         <name>.data:canif_cantp_value</name>
         <load_address>0x20000c34</load_address>
         <run_address>0x20000c34</run_address>
         <size>0x4</size>
         <input_file_ref idref="fl-35"/>
      </object_component>
      <object_component id="oc-203">
         <name>.data:canif_PduR_Value</name>
         <load_address>0x20000c4b</load_address>
         <run_address>0x20000c4b</run_address>
         <size>0x1</size>
         <input_file_ref idref="fl-35"/>
      </object_component>
      <object_component id="oc-206">
         <name>.data:canif_Comfrimation_Value</name>
         <load_address>0x20000c30</load_address>
         <run_address>0x20000c30</run_address>
         <size>0x4</size>
         <input_file_ref idref="fl-35"/>
      </object_component>
      <object_component id="oc-306">
         <name>.data:CanTpRunTimeData</name>
         <load_address>0x20000808</load_address>
         <run_address>0x20000808</run_address>
         <size>0x158</size>
         <input_file_ref idref="fl-38"/>
      </object_component>
      <object_component id="oc-3cd">
         <name>.data:com_pdur</name>
         <load_address>0x20000c47</load_address>
         <run_address>0x20000c47</run_address>
         <size>0x2</size>
         <input_file_ref idref="fl-3a"/>
      </object_component>
      <object_component id="oc-3c4">
         <name>.data</name>
         <load_address>0x20000c2c</load_address>
         <run_address>0x20000c2c</run_address>
         <size>0x4</size>
         <input_file_ref idref="fl-3a"/>
      </object_component>
      <object_component id="oc-432">
         <name>.data:ComAsuConfiguration</name>
         <load_address>0x20000c08</load_address>
         <run_address>0x20000c08</run_address>
         <size>0xc</size>
         <input_file_ref idref="fl-3b"/>
      </object_component>
      <object_component id="oc-37c">
         <name>.data:canif_ids</name>
         <load_address>0x20000c3f</load_address>
         <run_address>0x20000c3f</run_address>
         <size>0x2</size>
         <input_file_ref idref="fl-3f"/>
      </object_component>
      <object_component id="oc-38a">
         <name>.data:cantp_com_copy_tx</name>
         <load_address>0x20000c43</load_address>
         <run_address>0x20000c43</run_address>
         <size>0x2</size>
         <input_file_ref idref="fl-3f"/>
      </object_component>
      <object_component id="oc-382">
         <name>.data:cantp_com_rx_or_copy</name>
         <load_address>0x20000c45</load_address>
         <run_address>0x20000c45</run_address>
         <size>0x2</size>
         <input_file_ref idref="fl-3f"/>
      </object_component>
      <object_component id="oc-37f">
         <name>.data:cantp_cainf_FC</name>
         <load_address>0x20000c41</load_address>
         <run_address>0x20000c41</run_address>
         <size>0x2</size>
         <input_file_ref idref="fl-3f"/>
      </object_component>
      <object_component id="oc-39f">
         <name>.data:virtual_com</name>
         <load_address>0x20000bc4</load_address>
         <run_address>0x20000bc4</run_address>
         <size>0x14</size>
         <input_file_ref idref="fl-42"/>
      </object_component>
      <object_component id="oc-3a2">
         <name>.data:real_com</name>
         <load_address>0x20000bb0</load_address>
         <run_address>0x20000bb0</run_address>
         <size>0x14</size>
         <input_file_ref idref="fl-42"/>
      </object_component>
      <object_component id="oc-3a5">
         <name>.data:virtual_CanIf</name>
         <load_address>0x20000b94</load_address>
         <run_address>0x20000b94</run_address>
         <size>0x1c</size>
         <input_file_ref idref="fl-42"/>
      </object_component>
      <object_component id="oc-3a8">
         <name>.data:real_CanIf</name>
         <load_address>0x20000b78</load_address>
         <run_address>0x20000b78</run_address>
         <size>0x1c</size>
         <input_file_ref idref="fl-42"/>
      </object_component>
      <object_component id="oc-3ab">
         <name>.data:virtual_CanTp_rx</name>
         <load_address>0x20000bf8</load_address>
         <run_address>0x20000bf8</run_address>
         <size>0x10</size>
         <input_file_ref idref="fl-42"/>
      </object_component>
      <object_component id="oc-3ae">
         <name>.data:real_CanTp_rx</name>
         <load_address>0x20000be8</load_address>
         <run_address>0x20000be8</run_address>
         <size>0x10</size>
         <input_file_ref idref="fl-42"/>
      </object_component>
      <object_component id="oc-3b1">
         <name>.data:virtual_CanTp_tx</name>
         <load_address>0x20000c24</load_address>
         <run_address>0x20000c24</run_address>
         <size>0x8</size>
         <input_file_ref idref="fl-42"/>
      </object_component>
      <object_component id="oc-3b4">
         <name>.data:real_CanTp_tx</name>
         <load_address>0x20000c1c</load_address>
         <run_address>0x20000c1c</run_address>
         <size>0x8</size>
         <input_file_ref idref="fl-42"/>
      </object_component>
      <object_component id="oc-3b7">
         <name>.data:Com_type</name>
         <load_address>0x20000bd8</load_address>
         <run_address>0x20000bd8</run_address>
         <size>0x10</size>
         <input_file_ref idref="fl-42"/>
      </object_component>
      <object_component id="oc-2c5">
         <name>.bss:IdleStack</name>
         <uninitialized>true</uninitialized>
         <run_address>0x2000026c</run_address>
         <size>0x200</size>
         <input_file_ref idref="fl-9"/>
      </object_component>
      <object_component id="oc-2c8">
         <name>.bss:TaskStack1</name>
         <uninitialized>true</uninitialized>
         <run_address>0x2000046c</run_address>
         <size>0x200</size>
         <input_file_ref idref="fl-9"/>
      </object_component>
      <object_component id="oc-15f">
         <name>.bss:ReadyTasksLists</name>
         <uninitialized>true</uninitialized>
         <run_address>0x2000066c</run_address>
         <size>0x64</size>
         <input_file_ref idref="fl-e"/>
      </object_component>
      <object_component id="oc-156">
         <name>.bss:DelayedTaskList1</name>
         <uninitialized>true</uninitialized>
         <run_address>0x2000072c</run_address>
         <size>0x14</size>
         <input_file_ref idref="fl-e"/>
      </object_component>
      <object_component id="oc-159">
         <name>.bss:DelayedTaskList2</name>
         <uninitialized>true</uninitialized>
         <run_address>0x20000740</run_address>
         <size>0x14</size>
         <input_file_ref idref="fl-e"/>
      </object_component>
      <object_component id="oc-15c">
         <name>.bss</name>
         <uninitialized>true</uninitialized>
         <run_address>0x200007b0</run_address>
         <size>0x8</size>
         <input_file_ref idref="fl-e"/>
      </object_component>
      <object_component id="oc-162">
         <name>.bss:SuspendedTaskList</name>
         <uninitialized>true</uninitialized>
         <run_address>0x20000754</run_address>
         <size>0x14</size>
         <input_file_ref idref="fl-e"/>
      </object_component>
      <object_component id="oc-cb">
         <name>.bss:Int_enable_in_start_mode</name>
         <uninitialized>true</uninitialized>
         <run_address>0x200007db</run_address>
         <size>0x4</size>
         <input_file_ref idref="fl-34"/>
      </object_component>
      <object_component id="oc-ce">
         <name>.bss:Int_disable_in_stop_mode</name>
         <uninitialized>true</uninitialized>
         <run_address>0x200007d7</run_address>
         <size>0x4</size>
         <input_file_ref idref="fl-34"/>
      </object_component>
      <object_component id="oc-a4">
         <name>.bss:Can_ControllerMode</name>
         <uninitialized>true</uninitialized>
         <run_address>0x200007c7</run_address>
         <size>0x4</size>
         <input_file_ref idref="fl-34"/>
      </object_component>
      <object_component id="oc-ab">
         <name>.bss</name>
         <uninitialized>true</uninitialized>
         <run_address>0x200007df</run_address>
         <size>0x1</size>
         <input_file_ref idref="fl-34"/>
      </object_component>
      <object_component id="oc-c8">
         <name>.bss:IntDisableCount</name>
         <uninitialized>true</uninitialized>
         <run_address>0x200007cf</run_address>
         <size>0x4</size>
         <input_file_ref idref="fl-34"/>
      </object_component>
      <object_component id="oc-c5">
         <name>.bss:IntEnableCount</name>
         <uninitialized>true</uninitialized>
         <run_address>0x200007d3</run_address>
         <size>0x4</size>
         <input_file_ref idref="fl-34"/>
      </object_component>
      <object_component id="oc-aa">
         <name>.bss:ErrorState$3</name>
         <uninitialized>true</uninitialized>
         <run_address>0x200007cb</run_address>
         <size>0x4</size>
         <input_file_ref idref="fl-34"/>
      </object_component>
      <object_component id="oc-318">
         <name>.bss:info$1</name>
         <uninitialized>true</uninitialized>
         <run_address>0x200007a4</run_address>
         <size>0xc</size>
         <input_file_ref idref="fl-41"/>
      </object_component>
      <object_component id="oc-3d8">
         <name>.common:Direction</name>
         <uninitialized>true</uninitialized>
         <run_address>0x200007f0</run_address>
         <size>0x4</size>
      </object_component>
      <object_component id="oc-3d5">
         <name>.common:ui32Adjust_Direction</name>
         <uninitialized>true</uninitialized>
         <run_address>0x20000806</run_address>
         <size>0x1</size>
      </object_component>
      <object_component id="oc-3d7">
         <name>.common:ui32Load</name>
         <uninitialized>true</uninitialized>
         <run_address>0x200007fc</run_address>
         <size>0x4</size>
      </object_component>
      <object_component id="oc-3d6">
         <name>.common:ui32PWMClock</name>
         <uninitialized>true</uninitialized>
         <run_address>0x20000800</run_address>
         <size>0x4</size>
      </object_component>
      <object_component id="oc-f0">
         <name>.common:rxFlag</name>
         <uninitialized>true</uninitialized>
         <run_address>0x20000805</run_address>
         <size>0x1</size>
      </object_component>
      <object_component id="oc-e3">
         <name>.common:errFlag</name>
         <uninitialized>true</uninitialized>
         <run_address>0x20000804</run_address>
         <size>0x1</size>
      </object_component>
      <object_component id="oc-347">
         <name>.common:msg</name>
         <uninitialized>true</uninitialized>
         <run_address>0x20000790</run_address>
         <size>0x14</size>
      </object_component>
      <object_component id="oc-348">
         <name>.common:msgData</name>
         <uninitialized>true</uninitialized>
         <run_address>0x200007b8</run_address>
         <size>0x8</size>
      </object_component>
      <object_component id="oc-3dc">
         <name>.common:Speed</name>
         <uninitialized>true</uninitialized>
         <run_address>0x200007f4</run_address>
         <size>0x4</size>
      </object_component>
      <object_component id="oc-3da">
         <name>.common:ui32Adjust_Speed</name>
         <uninitialized>true</uninitialized>
         <run_address>0x20000807</run_address>
         <size>0x1</size>
      </object_component>
      <object_component id="oc-3db">
         <name>.common:break_command</name>
         <uninitialized>true</uninitialized>
         <run_address>0x200007f8</run_address>
         <size>0x4</size>
      </object_component>
      <object_component id="oc-2b3">
         <name>.common:CounterList</name>
         <uninitialized>true</uninitialized>
         <run_address>0x20000768</run_address>
         <size>0x14</size>
      </object_component>
      <object_component id="oc-2b9">
         <name>.common:DormantAlarmList</name>
         <uninitialized>true</uninitialized>
         <run_address>0x2000077c</run_address>
         <size>0x14</size>
      </object_component>
      <object_component id="oc-b3">
         <name>.common:Message_Confirmation</name>
         <uninitialized>true</uninitialized>
         <run_address>0x20000708</run_address>
         <size>0x24</size>
      </object_component>
      <object_component id="oc-1ee">
         <name>.common:CanIf_ConfigPtr</name>
         <uninitialized>true</uninitialized>
         <run_address>0x200007e8</run_address>
         <size>0x4</size>
      </object_component>
      <object_component id="oc-1ff">
         <name>.common:CanIfPrivateCfgInst</name>
         <uninitialized>true</uninitialized>
         <run_address>0x200007e0</run_address>
         <size>0x4</size>
      </object_component>
      <object_component id="oc-1f1">
         <name>.common:CanIf_Global</name>
         <uninitialized>true</uninitialized>
         <run_address>0x200007c0</run_address>
         <size>0x7</size>
      </object_component>
      <object_component id="oc-1fe">
         <name>.common:CanIfRxPduCfg_Arr</name>
         <uninitialized>true</uninitialized>
         <run_address>0x200007e4</run_address>
         <size>0x4</size>
      </object_component>
      <object_component id="oc-3c1">
         <name>.common:ComConfig</name>
         <uninitialized>true</uninitialized>
         <run_address>0x200007ec</run_address>
         <size>0x4</size>
      </object_component>
      <object_component id="oc-456">
         <name>.common:Com_Asu_IPdu</name>
         <uninitialized>true</uninitialized>
         <run_address>0x200006d0</run_address>
         <size>0x38</size>
      </object_component>
      <object_component id="oc-21">
         <name>.stack</name>
         <uninitialized>true</uninitialized>
         <run_address>0x20000c50</run_address>
         <size>0x4</size>
         <input_file_ref idref="fl-105"/>
      </object_component>
      <object_component id="oc-48a">
         <name>.stack</name>
         <uninitialized>true</uninitialized>
         <run_address>0x20000c50</run_address>
         <size>0x0</size>
      </object_component>
      <object_component id="oc-23f">
         <name>.debug_info</name>
         <load_address>0x0</load_address>
         <run_address>0x0</run_address>
         <size>0x288</size>
         <input_file_ref idref="fl-2"/>
      </object_component>
      <object_component id="oc-112">
         <name>.debug_info</name>
         <load_address>0x288</load_address>
         <run_address>0x288</run_address>
         <size>0x26b</size>
         <input_file_ref idref="fl-2"/>
      </object_component>
      <object_component id="oc-44">
         <name>.debug_info</name>
         <load_address>0x4f3</load_address>
         <run_address>0x4f3</run_address>
         <size>0x84</size>
         <input_file_ref idref="fl-2"/>
      </object_component>
      <object_component id="oc-23a">
         <name>.debug_info</name>
         <load_address>0x577</load_address>
         <run_address>0x577</run_address>
         <size>0x297</size>
         <input_file_ref idref="fl-2"/>
      </object_component>
      <object_component id="oc-183">
         <name>.debug_info</name>
         <load_address>0x80e</load_address>
         <run_address>0x80e</run_address>
         <size>0xef</size>
         <input_file_ref idref="fl-2"/>
      </object_component>
      <object_component id="oc-f7">
         <name>.debug_info</name>
         <load_address>0x8fd</load_address>
         <run_address>0x8fd</run_address>
         <size>0xbb</size>
         <input_file_ref idref="fl-2"/>
      </object_component>
      <object_component id="oc-250">
         <name>.debug_info</name>
         <load_address>0x9b8</load_address>
         <run_address>0x9b8</run_address>
         <size>0x183</size>
         <input_file_ref idref="fl-3"/>
      </object_component>
      <object_component id="oc-d2">
         <name>.debug_info</name>
         <load_address>0xb3b</load_address>
         <run_address>0xb3b</run_address>
         <size>0x1a4</size>
         <input_file_ref idref="fl-4"/>
      </object_component>
      <object_component id="oc-e4">
         <name>.debug_info</name>
         <load_address>0xcdf</load_address>
         <run_address>0xcdf</run_address>
         <size>0x5b7</size>
         <input_file_ref idref="fl-5"/>
      </object_component>
      <object_component id="oc-339">
         <name>.debug_info</name>
         <load_address>0x1296</load_address>
         <run_address>0x1296</run_address>
         <size>0x19b</size>
         <input_file_ref idref="fl-5"/>
      </object_component>
      <object_component id="oc-19b">
         <name>.debug_info</name>
         <load_address>0x1431</load_address>
         <run_address>0x1431</run_address>
         <size>0x55b</size>
         <input_file_ref idref="fl-5"/>
      </object_component>
      <object_component id="oc-10b">
         <name>.debug_info</name>
         <load_address>0x198c</load_address>
         <run_address>0x198c</run_address>
         <size>0x175</size>
         <input_file_ref idref="fl-5"/>
      </object_component>
      <object_component id="oc-f2">
         <name>.debug_info</name>
         <load_address>0x1b01</load_address>
         <run_address>0x1b01</run_address>
         <size>0x9ab</size>
         <input_file_ref idref="fl-5"/>
      </object_component>
      <object_component id="oc-1aa">
         <name>.debug_info</name>
         <load_address>0x24ac</load_address>
         <run_address>0x24ac</run_address>
         <size>0x8fc</size>
         <input_file_ref idref="fl-5"/>
      </object_component>
      <object_component id="oc-1a0">
         <name>.debug_info</name>
         <load_address>0x2da8</load_address>
         <run_address>0x2da8</run_address>
         <size>0x1ce</size>
         <input_file_ref idref="fl-5"/>
      </object_component>
      <object_component id="oc-217">
         <name>.debug_info</name>
         <load_address>0x2f76</load_address>
         <run_address>0x2f76</run_address>
         <size>0x63</size>
         <input_file_ref idref="fl-5"/>
      </object_component>
      <object_component id="oc-fc">
         <name>.debug_info</name>
         <load_address>0x2fd9</load_address>
         <run_address>0x2fd9</run_address>
         <size>0x1a2</size>
         <input_file_ref idref="fl-5"/>
      </object_component>
      <object_component id="oc-106">
         <name>.debug_info</name>
         <load_address>0x317b</load_address>
         <run_address>0x317b</run_address>
         <size>0x1b3</size>
         <input_file_ref idref="fl-5"/>
      </object_component>
      <object_component id="oc-1a5">
         <name>.debug_info</name>
         <load_address>0x332e</load_address>
         <run_address>0x332e</run_address>
         <size>0x190</size>
         <input_file_ref idref="fl-5"/>
      </object_component>
      <object_component id="oc-101">
         <name>.debug_info</name>
         <load_address>0x34be</load_address>
         <run_address>0x34be</run_address>
         <size>0x8b</size>
         <input_file_ref idref="fl-5"/>
      </object_component>
      <object_component id="oc-e6">
         <name>.debug_info</name>
         <load_address>0x3549</load_address>
         <run_address>0x3549</run_address>
         <size>0x780</size>
         <input_file_ref idref="fl-6"/>
      </object_component>
      <object_component id="oc-134">
         <name>.debug_info</name>
         <load_address>0x3cc9</load_address>
         <run_address>0x3cc9</run_address>
         <size>0x27f</size>
         <input_file_ref idref="fl-6"/>
      </object_component>
      <object_component id="oc-196">
         <name>.debug_info</name>
         <load_address>0x3f48</load_address>
         <run_address>0x3f48</run_address>
         <size>0x676</size>
         <input_file_ref idref="fl-6"/>
      </object_component>
      <object_component id="oc-1af">
         <name>.debug_info</name>
         <load_address>0x45be</load_address>
         <run_address>0x45be</run_address>
         <size>0x306</size>
         <input_file_ref idref="fl-6"/>
      </object_component>
      <object_component id="oc-16c">
         <name>.debug_info</name>
         <load_address>0x48c4</load_address>
         <run_address>0x48c4</run_address>
         <size>0xda</size>
         <input_file_ref idref="fl-6"/>
      </object_component>
      <object_component id="oc-31c">
         <name>.debug_info</name>
         <load_address>0x499e</load_address>
         <run_address>0x499e</run_address>
         <size>0x6c</size>
         <input_file_ref idref="fl-6"/>
      </object_component>
      <object_component id="oc-17a">
         <name>.debug_info</name>
         <load_address>0x4a0a</load_address>
         <run_address>0x4a0a</run_address>
         <size>0x468</size>
         <input_file_ref idref="fl-6"/>
      </object_component>
      <object_component id="oc-21e">
         <name>.debug_info</name>
         <load_address>0x4e72</load_address>
         <run_address>0x4e72</run_address>
         <size>0xc4</size>
         <input_file_ref idref="fl-6"/>
      </object_component>
      <object_component id="oc-223">
         <name>.debug_info</name>
         <load_address>0x4f36</load_address>
         <run_address>0x4f36</run_address>
         <size>0x480</size>
         <input_file_ref idref="fl-6"/>
      </object_component>
      <object_component id="oc-228">
         <name>.debug_info</name>
         <load_address>0x53b6</load_address>
         <run_address>0x53b6</run_address>
         <size>0x53</size>
         <input_file_ref idref="fl-6"/>
      </object_component>
      <object_component id="oc-8e">
         <name>.debug_info</name>
         <load_address>0x5409</load_address>
         <run_address>0x5409</run_address>
         <size>0x2c</size>
         <input_file_ref idref="fl-6"/>
      </object_component>
      <object_component id="oc-93">
         <name>.debug_info</name>
         <load_address>0x5435</load_address>
         <run_address>0x5435</run_address>
         <size>0x53</size>
         <input_file_ref idref="fl-6"/>
      </object_component>
      <object_component id="oc-175">
         <name>.debug_info</name>
         <load_address>0x5488</load_address>
         <run_address>0x5488</run_address>
         <size>0x14c</size>
         <input_file_ref idref="fl-6"/>
      </object_component>
      <object_component id="oc-e8">
         <name>.debug_info</name>
         <load_address>0x55d4</load_address>
         <run_address>0x55d4</run_address>
         <size>0x5ce</size>
         <input_file_ref idref="fl-7"/>
      </object_component>
      <object_component id="oc-3de">
         <name>.debug_info</name>
         <load_address>0x5ba2</load_address>
         <run_address>0x5ba2</run_address>
         <size>0x115</size>
         <input_file_ref idref="fl-7"/>
      </object_component>
      <object_component id="oc-33f">
         <name>.debug_info</name>
         <load_address>0x5cb7</load_address>
         <run_address>0x5cb7</run_address>
         <size>0x202</size>
         <input_file_ref idref="fl-7"/>
      </object_component>
      <object_component id="oc-22f">
         <name>.debug_info</name>
         <load_address>0x5eb9</load_address>
         <run_address>0x5eb9</run_address>
         <size>0x99</size>
         <input_file_ref idref="fl-7"/>
      </object_component>
      <object_component id="oc-3d">
         <name>.debug_info</name>
         <load_address>0x5f52</load_address>
         <run_address>0x5f52</run_address>
         <size>0x38b</size>
         <input_file_ref idref="fl-8"/>
      </object_component>
      <object_component id="oc-10">
         <name>.debug_info</name>
         <load_address>0x62dd</load_address>
         <run_address>0x62dd</run_address>
         <size>0x118</size>
         <input_file_ref idref="fl-8"/>
      </object_component>
      <object_component id="oc-26">
         <name>.debug_info</name>
         <load_address>0x63f5</load_address>
         <run_address>0x63f5</run_address>
         <size>0x294</size>
         <input_file_ref idref="fl-8"/>
      </object_component>
      <object_component id="oc-2cd">
         <name>.debug_info</name>
         <load_address>0x6689</load_address>
         <run_address>0x6689</run_address>
         <size>0x2d3</size>
         <input_file_ref idref="fl-9"/>
      </object_component>
      <object_component id="oc-268">
         <name>.debug_info</name>
         <load_address>0x695c</load_address>
         <run_address>0x695c</run_address>
         <size>0x362</size>
         <input_file_ref idref="fl-9"/>
      </object_component>
      <object_component id="oc-169">
         <name>.debug_info</name>
         <load_address>0x6cbe</load_address>
         <run_address>0x6cbe</run_address>
         <size>0x107</size>
         <input_file_ref idref="fl-9"/>
      </object_component>
      <object_component id="oc-2c6">
         <name>.debug_info</name>
         <load_address>0x6dc5</load_address>
         <run_address>0x6dc5</run_address>
         <size>0x100</size>
         <input_file_ref idref="fl-9"/>
      </object_component>
      <object_component id="oc-2c9">
         <name>.debug_info</name>
         <load_address>0x6ec5</load_address>
         <run_address>0x6ec5</run_address>
         <size>0x102</size>
         <input_file_ref idref="fl-9"/>
      </object_component>
      <object_component id="oc-166">
         <name>.debug_info</name>
         <load_address>0x6fc7</load_address>
         <run_address>0x6fc7</run_address>
         <size>0x103</size>
         <input_file_ref idref="fl-9"/>
      </object_component>
      <object_component id="oc-2ae">
         <name>.debug_info</name>
         <load_address>0x70ca</load_address>
         <run_address>0x70ca</run_address>
         <size>0x109</size>
         <input_file_ref idref="fl-9"/>
      </object_component>
      <object_component id="oc-2b7">
         <name>.debug_info</name>
         <load_address>0x71d3</load_address>
         <run_address>0x71d3</run_address>
         <size>0x105</size>
         <input_file_ref idref="fl-9"/>
      </object_component>
      <object_component id="oc-2b4">
         <name>.debug_info</name>
         <load_address>0x72d8</load_address>
         <run_address>0x72d8</run_address>
         <size>0x60f</size>
         <input_file_ref idref="fl-a"/>
      </object_component>
      <object_component id="oc-2b1">
         <name>.debug_info</name>
         <load_address>0x78e7</load_address>
         <run_address>0x78e7</run_address>
         <size>0x157</size>
         <input_file_ref idref="fl-a"/>
      </object_component>
      <object_component id="oc-153">
         <name>.debug_info</name>
         <load_address>0x7a3e</load_address>
         <run_address>0x7a3e</run_address>
         <size>0xd16</size>
         <input_file_ref idref="fl-a"/>
      </object_component>
      <object_component id="oc-346">
         <name>.debug_info</name>
         <load_address>0x8754</load_address>
         <run_address>0x8754</run_address>
         <size>0x472</size>
         <input_file_ref idref="fl-b"/>
      </object_component>
      <object_component id="oc-25d">
         <name>.debug_info</name>
         <load_address>0x8bc6</load_address>
         <run_address>0x8bc6</run_address>
         <size>0x583</size>
         <input_file_ref idref="fl-b"/>
      </object_component>
      <object_component id="oc-147">
         <name>.debug_info</name>
         <load_address>0x9149</load_address>
         <run_address>0x9149</run_address>
         <size>0x65a</size>
         <input_file_ref idref="fl-e"/>
      </object_component>
      <object_component id="oc-7d">
         <name>.debug_info</name>
         <load_address>0x97a3</load_address>
         <run_address>0x97a3</run_address>
         <size>0x2cf</size>
         <input_file_ref idref="fl-e"/>
      </object_component>
      <object_component id="oc-160">
         <name>.debug_info</name>
         <load_address>0x9a72</load_address>
         <run_address>0x9a72</run_address>
         <size>0x10c</size>
         <input_file_ref idref="fl-e"/>
      </object_component>
      <object_component id="oc-157">
         <name>.debug_info</name>
         <load_address>0x9b7e</load_address>
         <run_address>0x9b7e</run_address>
         <size>0x10e</size>
         <input_file_ref idref="fl-e"/>
      </object_component>
      <object_component id="oc-15a">
         <name>.debug_info</name>
         <load_address>0x9c8c</load_address>
         <run_address>0x9c8c</run_address>
         <size>0x10e</size>
         <input_file_ref idref="fl-e"/>
      </object_component>
      <object_component id="oc-15d">
         <name>.debug_info</name>
         <load_address>0x9d9a</load_address>
         <run_address>0x9d9a</run_address>
         <size>0x14e</size>
         <input_file_ref idref="fl-e"/>
      </object_component>
      <object_component id="oc-163">
         <name>.debug_info</name>
         <load_address>0x9ee8</load_address>
         <run_address>0x9ee8</run_address>
         <size>0x110</size>
         <input_file_ref idref="fl-e"/>
      </object_component>
      <object_component id="oc-83">
         <name>.debug_info</name>
         <load_address>0x9ff8</load_address>
         <run_address>0x9ff8</run_address>
         <size>0xe0a</size>
         <input_file_ref idref="fl-e"/>
      </object_component>
      <object_component id="oc-ea">
         <name>.debug_info</name>
         <load_address>0xae02</load_address>
         <run_address>0xae02</run_address>
         <size>0x4c1</size>
         <input_file_ref idref="fl-f"/>
      </object_component>
      <object_component id="oc-263">
         <name>.debug_info</name>
         <load_address>0xb2c3</load_address>
         <run_address>0xb2c3</run_address>
         <size>0x176</size>
         <input_file_ref idref="fl-f"/>
      </object_component>
      <object_component id="oc-ec">
         <name>.debug_info</name>
         <load_address>0xb439</load_address>
         <run_address>0xb439</run_address>
         <size>0x82c</size>
         <input_file_ref idref="fl-10"/>
      </object_component>
      <object_component id="oc-256">
         <name>.debug_info</name>
         <load_address>0xbc65</load_address>
         <run_address>0xbc65</run_address>
         <size>0x3d6</size>
         <input_file_ref idref="fl-10"/>
      </object_component>
      <object_component id="oc-188">
         <name>.debug_info</name>
         <load_address>0xc03b</load_address>
         <run_address>0xc03b</run_address>
         <size>0x366</size>
         <input_file_ref idref="fl-13"/>
      </object_component>
      <object_component id="oc-180">
         <name>.debug_info</name>
         <load_address>0xc3a1</load_address>
         <run_address>0xc3a1</run_address>
         <size>0x118</size>
         <input_file_ref idref="fl-13"/>
      </object_component>
      <object_component id="oc-9a">
         <name>.debug_info</name>
         <load_address>0xc4b9</load_address>
         <run_address>0xc4b9</run_address>
         <size>0x1871</size>
         <input_file_ref idref="fl-13"/>
      </object_component>
      <object_component id="oc-1c0">
         <name>.debug_info</name>
         <load_address>0xdd2a</load_address>
         <run_address>0xdd2a</run_address>
         <size>0x365</size>
         <input_file_ref idref="fl-15"/>
      </object_component>
      <object_component id="oc-214">
         <name>.debug_info</name>
         <load_address>0xe08f</load_address>
         <run_address>0xe08f</run_address>
         <size>0x389</size>
         <input_file_ref idref="fl-1d"/>
      </object_component>
      <object_component id="oc-20b">
         <name>.debug_info</name>
         <load_address>0xe418</load_address>
         <run_address>0xe418</run_address>
         <size>0x129</size>
         <input_file_ref idref="fl-1d"/>
      </object_component>
      <object_component id="oc-20e">
         <name>.debug_info</name>
         <load_address>0xe541</load_address>
         <run_address>0xe541</run_address>
         <size>0x12b</size>
         <input_file_ref idref="fl-1d"/>
      </object_component>
      <object_component id="oc-211">
         <name>.debug_info</name>
         <load_address>0xe66c</load_address>
         <run_address>0xe66c</run_address>
         <size>0x11d</size>
         <input_file_ref idref="fl-1d"/>
      </object_component>
      <object_component id="oc-e1">
         <name>.debug_info</name>
         <load_address>0xe789</load_address>
         <run_address>0xe789</run_address>
         <size>0x314c</size>
         <input_file_ref idref="fl-1d"/>
      </object_component>
      <object_component id="oc-1e4">
         <name>.debug_info</name>
         <load_address>0x118d5</load_address>
         <run_address>0x118d5</run_address>
         <size>0x366</size>
         <input_file_ref idref="fl-20"/>
      </object_component>
      <object_component id="oc-1d2">
         <name>.debug_info</name>
         <load_address>0x11c3b</load_address>
         <run_address>0x11c3b</run_address>
         <size>0x118</size>
         <input_file_ref idref="fl-20"/>
      </object_component>
      <object_component id="oc-1d5">
         <name>.debug_info</name>
         <load_address>0x11d53</load_address>
         <run_address>0x11d53</run_address>
         <size>0x110</size>
         <input_file_ref idref="fl-20"/>
      </object_component>
      <object_component id="oc-1d8">
         <name>.debug_info</name>
         <load_address>0x11e63</load_address>
         <run_address>0x11e63</run_address>
         <size>0x114</size>
         <input_file_ref idref="fl-20"/>
      </object_component>
      <object_component id="oc-1db">
         <name>.debug_info</name>
         <load_address>0x11f77</load_address>
         <run_address>0x11f77</run_address>
         <size>0x11a</size>
         <input_file_ref idref="fl-20"/>
      </object_component>
      <object_component id="oc-1de">
         <name>.debug_info</name>
         <load_address>0x12091</load_address>
         <run_address>0x12091</run_address>
         <size>0x118</size>
         <input_file_ref idref="fl-20"/>
      </object_component>
      <object_component id="oc-1e1">
         <name>.debug_info</name>
         <load_address>0x121a9</load_address>
         <run_address>0x121a9</run_address>
         <size>0x11c</size>
         <input_file_ref idref="fl-20"/>
      </object_component>
      <object_component id="oc-1cf">
         <name>.debug_info</name>
         <load_address>0x122c5</load_address>
         <run_address>0x122c5</run_address>
         <size>0x119</size>
         <input_file_ref idref="fl-20"/>
      </object_component>
      <object_component id="oc-c0">
         <name>.debug_info</name>
         <load_address>0x123de</load_address>
         <run_address>0x123de</run_address>
         <size>0xd19</size>
         <input_file_ref idref="fl-20"/>
      </object_component>
      <object_component id="oc-3d4">
         <name>.debug_info</name>
         <load_address>0x130f7</load_address>
         <run_address>0x130f7</run_address>
         <size>0x33b</size>
         <input_file_ref idref="fl-24"/>
      </object_component>
      <object_component id="oc-334">
         <name>.debug_info</name>
         <load_address>0x13432</load_address>
         <run_address>0x13432</run_address>
         <size>0x27aa</size>
         <input_file_ref idref="fl-24"/>
      </object_component>
      <object_component id="oc-1cd">
         <name>.debug_info</name>
         <load_address>0x15bdc</load_address>
         <run_address>0x15bdc</run_address>
         <size>0x3eb</size>
         <input_file_ref idref="fl-29"/>
      </object_component>
      <object_component id="oc-1c3">
         <name>.debug_info</name>
         <load_address>0x15fc7</load_address>
         <run_address>0x15fc7</run_address>
         <size>0x10f</size>
         <input_file_ref idref="fl-29"/>
      </object_component>
      <object_component id="oc-1c9">
         <name>.debug_info</name>
         <load_address>0x160d6</load_address>
         <run_address>0x160d6</run_address>
         <size>0x11b</size>
         <input_file_ref idref="fl-29"/>
      </object_component>
      <object_component id="oc-1ba">
         <name>.debug_info</name>
         <load_address>0x161f1</load_address>
         <run_address>0x161f1</run_address>
         <size>0x115</size>
         <input_file_ref idref="fl-29"/>
      </object_component>
      <object_component id="oc-1c6">
         <name>.debug_info</name>
         <load_address>0x16306</load_address>
         <run_address>0x16306</run_address>
         <size>0x122</size>
         <input_file_ref idref="fl-29"/>
      </object_component>
      <object_component id="oc-bc">
         <name>.debug_info</name>
         <load_address>0x16428</load_address>
         <run_address>0x16428</run_address>
         <size>0x2b5f</size>
         <input_file_ref idref="fl-29"/>
      </object_component>
      <object_component id="oc-2e2">
         <name>.debug_info</name>
         <load_address>0x18f87</load_address>
         <run_address>0x18f87</run_address>
         <size>0x51</size>
         <input_file_ref idref="fl-29"/>
      </object_component>
      <object_component id="oc-2ac">
         <name>.debug_info</name>
         <load_address>0x18fd8</load_address>
         <run_address>0x18fd8</run_address>
         <size>0x375</size>
         <input_file_ref idref="fl-31"/>
      </object_component>
      <object_component id="oc-14b">
         <name>.debug_info</name>
         <load_address>0x1934d</load_address>
         <run_address>0x1934d</run_address>
         <size>0x4d4</size>
         <input_file_ref idref="fl-31"/>
      </object_component>
      <object_component id="oc-8d">
         <name>.debug_info</name>
         <load_address>0x19821</load_address>
         <run_address>0x19821</run_address>
         <size>0x3f3</size>
         <input_file_ref idref="fl-32"/>
      </object_component>
      <object_component id="oc-80">
         <name>.debug_info</name>
         <load_address>0x19c14</load_address>
         <run_address>0x19c14</run_address>
         <size>0x12f</size>
         <input_file_ref idref="fl-32"/>
      </object_component>
      <object_component id="oc-8a">
         <name>.debug_info</name>
         <load_address>0x19d43</load_address>
         <run_address>0x19d43</run_address>
         <size>0x116</size>
         <input_file_ref idref="fl-32"/>
      </object_component>
      <object_component id="oc-31">
         <name>.debug_info</name>
         <load_address>0x19e59</load_address>
         <run_address>0x19e59</run_address>
         <size>0x566</size>
         <input_file_ref idref="fl-32"/>
      </object_component>
      <object_component id="oc-2b">
         <name>.debug_info</name>
         <load_address>0x1a3bf</load_address>
         <run_address>0x1a3bf</run_address>
         <size>0x264</size>
         <input_file_ref idref="fl-33"/>
      </object_component>
      <object_component id="oc-b4">
         <name>.debug_info</name>
         <load_address>0x1a623</load_address>
         <run_address>0x1a623</run_address>
         <size>0xa13</size>
         <input_file_ref idref="fl-34"/>
      </object_component>
      <object_component id="oc-cc">
         <name>.debug_info</name>
         <load_address>0x1b036</load_address>
         <run_address>0x1b036</run_address>
         <size>0x121</size>
         <input_file_ref idref="fl-34"/>
      </object_component>
      <object_component id="oc-cf">
         <name>.debug_info</name>
         <load_address>0x1b157</load_address>
         <run_address>0x1b157</run_address>
         <size>0x121</size>
         <input_file_ref idref="fl-34"/>
      </object_component>
      <object_component id="oc-a2">
         <name>.debug_info</name>
         <load_address>0x1b278</load_address>
         <run_address>0x1b278</run_address>
         <size>0x11b</size>
         <input_file_ref idref="fl-34"/>
      </object_component>
      <object_component id="oc-a5">
         <name>.debug_info</name>
         <load_address>0x1b393</load_address>
         <run_address>0x1b393</run_address>
         <size>0x115</size>
         <input_file_ref idref="fl-34"/>
      </object_component>
      <object_component id="oc-ac">
         <name>.debug_info</name>
         <load_address>0x1b4a8</load_address>
         <run_address>0x1b4a8</run_address>
         <size>0x11d</size>
         <input_file_ref idref="fl-34"/>
      </object_component>
      <object_component id="oc-c9">
         <name>.debug_info</name>
         <load_address>0x1b5c5</load_address>
[...]
         <name>McuPerClockConfigData</name>
         <value>0x9550</value>
         <object_component_ref idref="oc-1b4"/>
      </symbol>
      <symbol id="sm-97b">
         <name>CANIntHandler</name>
         <value>0x176d</value>
         <object_component_ref idref="oc-35"/>
      </symbol>
      <symbol id="sm-97c">
         <name>Can_Init</name>
         <value>0x17b5</value>
         <object_component_ref idref="oc-35"/>
      </symbol>
      <symbol id="sm-97d">
         <name>Can_DeInit</name>
         <value>0x1831</value>
         <object_component_ref idref="oc-35"/>
      </symbol>
      <symbol id="sm-97e">
         <name>Can_SetBaudrate</name>
         <value>0xb85</value>
         <object_component_ref idref="oc-35"/>
      </symbol>
      <symbol id="sm-9ff">
         <name>CanIf_ConfigPtr</name>
         <value>0x200007e8</value>
      </symbol>
      <symbol id="sm-a00">
         <name>CanIfPrivateCfgInst</name>
         <value>0x200007e0</value>
      </symbol>
      <symbol id="sm-a01">
         <name>CanIf_Global</name>
         <value>0x200007c0</value>
      </symbol>
      <symbol id="sm-a02">
         <name>CanIfRxPduCfg_Arr</name>
         <value>0x200007e4</value>
      </symbol>
      <symbol id="sm-a03">
         <name>CanIf_SetControllerMode</name>
         <value>0x5c3f</value>
         <object_component_ref idref="oc-d7"/>
      </symbol>
      <symbol id="sm-a04">
         <name>CanIf_GetControllerMode</name>
         <value>0x5cc1</value>
         <object_component_ref idref="oc-d7"/>
      </symbol>
      <symbol id="sm-a05">
         <name>CanIf_SetPduMode</name>
         <value>0x5b89</value>
         <object_component_ref idref="oc-d7"/>
      </symbol>
      <symbol id="sm-a06">
         <name>CanIf_GetPduMode</name>
         <value>0x5bfb</value>
         <object_component_ref idref="oc-d7"/>
      </symbol>
      <symbol id="sm-a07">
         <name>CanIf_FindRxPduEntry</name>
         <value>0x5eb9</value>
         <object_component_ref idref="oc-d7"/>
      </symbol>
      <symbol id="sm-a08">
         <name>CanIf_FindTxPduEntry</name>
         <value>0x5d0d</value>
         <object_component_ref idref="oc-d7"/>
      </symbol>
      <symbol id="sm-a09">
         <name>CanIf_FindHrhChannel</name>
         <value>0x5e3d</value>
         <object_component_ref idref="oc-d7"/>
      </symbol>
      <symbol id="sm-a0a">
         <name>CanIf_TxConfirmation</name>
         <value>0x6125</value>
         <object_component_ref idref="oc-d7"/>
      </symbol>
      <symbol id="sm-a0b">
         <name>Get_User_RxIndication</name>
         <value>0x5f49</value>
         <object_component_ref idref="oc-d7"/>
      </symbol>
      <symbol id="sm-a0c">
         <name>canif_PduR_Value</name>
         <value>0x20000c4b</value>
         <object_component_ref idref="oc-203"/>
      </symbol>
      <symbol id="sm-a0d">
         <name>Get_User_RxIndication_Name</name>
         <value>0x5f23</value>
         <object_component_ref idref="oc-d7"/>
      </symbol>
      <symbol id="sm-a0e">
         <name>CanIf_Init</name>
         <value>0x5b35</value>
         <object_component_ref idref="oc-d7"/>
      </symbol>
      <symbol id="sm-a0f">
         <name>CanIf_RxIndication</name>
         <value>0x5f95</value>
         <object_component_ref idref="oc-d7"/>
      </symbol>
      <symbol id="sm-a10">
         <name>CanIf_Transmit</name>
         <value>0x5d75</value>
         <object_component_ref idref="oc-d7"/>
      </symbol>
      <symbol id="sm-a11">
         <name>canif_cantp_value</name>
         <value>0x20000c34</value>
         <object_component_ref idref="oc-200"/>
      </symbol>
      <symbol id="sm-a12">
         <name>canif_Comfrimation_Value</name>
         <value>0x20000c30</value>
         <object_component_ref idref="oc-206"/>
      </symbol>
      <symbol id="sm-a20">
         <name>CanTpRunTimeData</name>
         <value>0x20000808</value>
         <object_component_ref idref="oc-306"/>
      </symbol>
      <symbol id="sm-a38">
         <name>CanTp_TxNSdu</name>
         <value>0x9440</value>
         <object_component_ref idref="oc-393"/>
      </symbol>
      <symbol id="sm-a39">
         <name>CanTp_RxNSdu</name>
         <value>0x9350</value>
         <object_component_ref idref="oc-390"/>
      </symbol>
      <symbol id="sm-a3a">
         <name>CanTp_Config</name>
         <value>0x94f0</value>
         <object_component_ref idref="oc-2fe"/>
      </symbol>
      <symbol id="sm-abf">
         <name>ComConfig</name>
         <value>0x200007ec</value>
      </symbol>
      <symbol id="sm-ac0">
         <name>Com_TpRxIndication</name>
         <value>0x52ff</value>
         <object_component_ref idref="oc-312"/>
      </symbol>
      <symbol id="sm-ac1">
         <name>Com_MainFunctionRx</name>
         <value>0x4c57</value>
         <object_component_ref idref="oc-312"/>
      </symbol>
      <symbol id="sm-ac2">
         <name>Com_MainFunctionTx</name>
         <value>0x4d95</value>
         <object_component_ref idref="oc-312"/>
      </symbol>
      <symbol id="sm-ac3">
         <name>Com_StartOfReception</name>
         <value>0x5273</value>
         <object_component_ref idref="oc-312"/>
      </symbol>
      <symbol id="sm-ac4">
         <name>Com_ReceiveSignal</name>
         <value>0x4fb3</value>
         <object_component_ref idref="oc-312"/>
      </symbol>
      <symbol id="sm-ac5">
         <name>Com_TriggerIPDUSend</name>
         <value>0x5141</value>
         <object_component_ref idref="oc-312"/>
      </symbol>
      <symbol id="sm-ac6">
         <name>Com_RxIndication</name>
         <value>0x5209</value>
         <object_component_ref idref="oc-312"/>
      </symbol>
      <symbol id="sm-ac7">
         <name>Com_TpTxConfirmation</name>
         <value>0x5363</value>
         <object_component_ref idref="oc-312"/>
      </symbol>
      <symbol id="sm-ac8">
         <name>Com_SendSignal</name>
         <value>0x4ecd</value>
         <object_component_ref idref="oc-312"/>
      </symbol>
      <symbol id="sm-ac9">
         <name>Com_Init</name>
         <value>0x4aa9</value>
         <object_component_ref idref="oc-312"/>
      </symbol>
      <symbol id="sm-aca">
         <name>Com_CopyTxData</name>
         <value>0x5011</value>
         <object_component_ref idref="oc-312"/>
      </symbol>
      <symbol id="sm-acb">
         <name>Com_CopyRxData</name>
         <value>0x50ad</value>
         <object_component_ref idref="oc-312"/>
      </symbol>
      <symbol id="sm-acc">
         <name>com_pdur</name>
         <value>0x20000c47</value>
         <object_component_ref idref="oc-3cd"/>
      </symbol>
      <symbol id="sm-ad8">
         <name>Com_Asu_IPdu</name>
         <value>0x200006d0</value>
      </symbol>
      <symbol id="sm-ad9">
         <name>ComAsuConfiguration</name>
         <value>0x20000c08</value>
         <object_component_ref idref="oc-432"/>
      </symbol>
      <symbol id="sm-afd">
         <name>Com_ReadSignalDataFromPduBuffer</name>
         <value>0x771d</value>
         <object_component_ref idref="oc-3bb"/>
      </symbol>
      <symbol id="sm-afe">
         <name>Com_WriteSignalDataToPduBuffer</name>
         <value>0x74ad</value>
         <object_component_ref idref="oc-3bb"/>
      </symbol>
      <symbol id="sm-aff">
         <name>Com_UnPackSignalsFromPdu</name>
         <value>0x7449</value>
         <object_component_ref idref="oc-3bb"/>
      </symbol>
      <symbol id="sm-b00">
         <name>Com_WriteSignalDataToSignalBuffer</name>
         <value>0x7909</value>
         <object_component_ref idref="oc-3bb"/>
      </symbol>
      <symbol id="sm-b01">
         <name>Com_PackSignalsToPdu</name>
         <value>0x73e5</value>
         <object_component_ref idref="oc-3bb"/>
      </symbol>
      <symbol id="sm-b02">
         <name>Com_ReadSignalDataFromSignalBuffer</name>
         <value>0x793d</value>
         <object_component_ref idref="oc-3bb"/>
      </symbol>
      <symbol id="sm-b14">
         <name>power</name>
         <value>0x896d</value>
         <object_component_ref idref="oc-3c7"/>
      </symbol>
      <symbol id="sm-b15">
         <name>validateSignalID</name>
         <value>0x8953</value>
         <object_component_ref idref="oc-3c7"/>
      </symbol>
      <symbol id="sm-bb3">
         <name>cantp_cainf_FC</name>
         <value>0x20000c41</value>
         <object_component_ref idref="oc-37f"/>
      </symbol>
      <symbol id="sm-bb4">
         <name>cantp_com_rx_or_copy</name>
         <value>0x20000c45</value>
         <object_component_ref idref="oc-382"/>
      </symbol>
      <symbol id="sm-bb5">
         <name>getPduLength</name>
         <value>0x2af9</value>
         <object_component_ref idref="oc-2f8"/>
      </symbol>
      <symbol id="sm-bb6">
         <name>sendFlowControlFrame</name>
         <value>0x3221</value>
         <object_component_ref idref="oc-2f8"/>
      </symbol>
      <symbol id="sm-bb7">
         <name>handleNextTxFrameSent</name>
         <value>0x3113</value>
         <object_component_ref idref="oc-2f8"/>
      </symbol>
      <symbol id="sm-bb8">
         <name>getFrameType</name>
         <value>0x2a5b</value>
         <object_component_ref idref="oc-2f8"/>
      </symbol>
      <symbol id="sm-bb9">
         <name>copySegmentToPduRRxBuffer</name>
         <value>0x2995</value>
         <object_component_ref idref="oc-2f8"/>
      </symbol>
      <symbol id="sm-bba">
         <name>copySegmentToLocalRxBuffer</name>
         <value>0x29f9</value>
         <object_component_ref idref="oc-2f8"/>
      </symbol>
      <symbol id="sm-bbb">
         <name>handleConsecutiveFrame</name>
         <value>0x2f27</value>
         <object_component_ref idref="oc-2f8"/>
      </symbol>
      <symbol id="sm-bbc">
         <name>handleFlowControlFrame</name>
         <value>0x2e5b</value>
         <object_component_ref idref="oc-2f8"/>
      </symbol>
      <symbol id="sm-bbd">
         <name>cantp_com_copy_tx</name>
         <value>0x20000c43</value>
         <object_component_ref idref="oc-38a"/>
      </symbol>
      <symbol id="sm-bbe">
         <name>sendNextTxFrame</name>
         <value>0x336f</value>
         <object_component_ref idref="oc-2f8"/>
      </symbol>
      <symbol id="sm-bbf">
         <name>handleFirstFrame</name>
         <value>0x2cef</value>
         <object_component_ref idref="oc-2f8"/>
      </symbol>
      <symbol id="sm-bc0">
         <name>canReceivePaddingHelper</name>
         <value>0x290f</value>
         <object_component_ref idref="oc-2f8"/>
      </symbol>
      <symbol id="sm-bc1">
         <name>calcRequiredProtocolFrameType</name>
         <value>0x2b81</value>
         <object_component_ref idref="oc-2f8"/>
      </symbol>
      <symbol id="sm-bc2">
         <name>handleSingleFrame</name>
         <value>0x2be9</value>
         <object_component_ref idref="oc-2f8"/>
      </symbol>
      <symbol id="sm-bc3">
         <name>canTansmitPaddingHelper</name>
         <value>0x2895</value>
         <object_component_ref idref="oc-2f8"/>
      </symbol>
      <symbol id="sm-bc4">
         <name>canif_ids</name>
         <value>0x20000c3f</value>
         <object_component_ref idref="oc-37c"/>
      </symbol>
      <symbol id="sm-bdf">
         <name>PduR_ComTransmit</name>
         <value>0x84b5</value>
         <object_component_ref idref="oc-1f8"/>
      </symbol>
      <symbol id="sm-be0">
         <name>PduR_CanTpRxIndication</name>
         <value>0x854f</value>
         <object_component_ref idref="oc-1f8"/>
      </symbol>
      <symbol id="sm-be1">
         <name>PduR_CanIfRxIndication</name>
         <value>0x850b</value>
         <object_component_ref idref="oc-1f8"/>
      </symbol>
      <symbol id="sm-be2">
         <name>PduR_CanTpCopyTxData</name>
         <value>0x8599</value>
         <object_component_ref idref="oc-1f8"/>
      </symbol>
      <symbol id="sm-be3">
         <name>PduR_CanTpCopyRxData</name>
         <value>0x8529</value>
         <object_component_ref idref="oc-1f8"/>
      </symbol>
      <symbol id="sm-be4">
         <name>PduR_CanTpStartOfReception</name>
         <value>0x856f</value>
         <object_component_ref idref="oc-1f8"/>
      </symbol>
      <symbol id="sm-c43">
         <name>real_com</name>
         <value>0x20000bb0</value>
         <object_component_ref idref="oc-3a2"/>
      </symbol>
      <symbol id="sm-c44">
         <name>real_CanTp_rx</name>
         <value>0x20000be8</value>
         <object_component_ref idref="oc-3ae"/>
      </symbol>
      <symbol id="sm-c45">
         <name>real_CanTp_tx</name>
         <value>0x20000c1c</value>
         <object_component_ref idref="oc-3b4"/>
      </symbol>
      <symbol id="sm-c46">
         <name>Com_type</name>
         <value>0x20000bd8</value>
         <object_component_ref idref="oc-3b7"/>
      </symbol>
      <symbol id="sm-c47">
         <name>real_CanIf</name>
         <value>0x20000b78</value>
         <object_component_ref idref="oc-3a8"/>
      </symbol>
      <symbol id="sm-c48">
         <name>virtual_CanTp_rx</name>
         <value>0x20000bf8</value>
         <object_component_ref idref="oc-3ab"/>
      </symbol>
      <symbol id="sm-c49">
         <name>virtual_CanTp_tx</name>
         <value>0x20000c24</value>
         <object_component_ref idref="oc-3b1"/>
      </symbol>
      <symbol id="sm-c4a">
         <name>get_type</name>
         <value>0x81df</value>
         <object_component_ref idref="oc-30c"/>
      </symbol>
      <symbol id="sm-c4b">
         <name>virtual_CanIf</name>
         <value>0x20000b94</value>
         <object_component_ref idref="oc-3a5"/>
      </symbol>
      <symbol id="sm-c4c">
         <name>virtual_com</name>
         <value>0x20000bc4</value>
         <object_component_ref idref="oc-39f"/>
      </symbol>
      <symbol id="sm-c4d">
         <name>get_ID</name>
         <value>0x80e9</value>
         <object_component_ref idref="oc-30c"/>
      </symbol>
      <symbol id="sm-ca2">
         <name>CanTp_Shutdown</name>
         <value>0x654b</value>
         <object_component_ref idref="oc-1f2"/>
      </symbol>
      <symbol id="sm-ca3">
         <name>CanTp_Init</name>
         <value>0x6325</value>
         <object_component_ref idref="oc-1f2"/>
      </symbol>
      <symbol id="sm-ca4">
         <name>initRx15765RuntimeData</name>
         <value>0x61e7</value>
         <object_component_ref idref="oc-1f2"/>
      </symbol>
      <symbol id="sm-ca5">
         <name>CanTp_RxIndication</name>
         <value>0x622f</value>
         <object_component_ref idref="oc-1f2"/>
      </symbol>
      <symbol id="sm-ca6">
         <name>CanTp_MainFunction</name>
         <value>0x6561</value>
         <object_component_ref idref="oc-1f2"/>
      </symbol>
      <symbol id="sm-ca7">
         <name>CanTp_TxConfirmation</name>
         <value>0x67bd</value>
         <object_component_ref idref="oc-1f2"/>
      </symbol>
      <symbol id="sm-ca8">
         <name>initTx15765RuntimeData</name>
         <value>0x61a5</value>
         <object_component_ref idref="oc-1f2"/>
      </symbol>
      <symbol id="sm-ca9">
         <name>CanTp_Transmit</name>
         <value>0x63f1</value>
         <object_component_ref idref="oc-1f2"/>
      </symbol>
      <symbol id="sm-cb8">
         <name>__aeabi_memset</name>
         <value>0x88db</value>
         <object_component_ref idref="oc-ae"/>
      </symbol>
      <symbol id="sm-cb9">
         <name>memset</name>
         <value>0x88e1</value>
         <object_component_ref idref="oc-ae"/>
      </symbol>
      <symbol id="sm-cba">
         <name>__aeabi_memset8</name>
         <value>0x88db</value>
         <object_component_ref idref="oc-ae"/>
      </symbol>
      <symbol id="sm-cbb">
         <name>__aeabi_memset4</name>
         <value>0x88db</value>
         <object_component_ref idref="oc-ae"/>
      </symbol>
      <symbol id="sm-cbc">
         <name>__aeabi_memclr8</name>
         <value>0x88d9</value>
         <object_component_ref idref="oc-ae"/>
      </symbol>
      <symbol id="sm-cbd">
         <name>__aeabi_memclr4</name>
         <value>0x88d9</value>
         <object_component_ref idref="oc-ae"/>
      </symbol>
      <symbol id="sm-cbe">
         <name>__aeabi_memclr</name>
         <value>0x88d9</value>
         <object_component_ref idref="oc-ae"/>
      </symbol>
      <symbol id="sm-cc8">
         <name>__aeabi_d2iz</name>
         <value>0x8af9</value>
         <object_component_ref idref="oc-385"/>
      </symbol>
      <symbol id="sm-cd2">
         <name>__aeabi_d2uiz</name>
         <value>0x8b85</value>
         <object_component_ref idref="oc-301"/>
      </symbol>
      <symbol id="sm-cdb">
         <name>__aeabi_lmul</name>
         <value>0x8ca5</value>
         <object_component_ref idref="oc-437"/>
      </symbol>
      <symbol id="sm-cf6">
         <name>memcpy</name>
         <value>0x883d</value>
         <object_component_ref idref="oc-49"/>
      </symbol>
      <symbol id="sm-cf7">
         <name>__aeabi_memcpy</name>
         <value>0x883d</value>
         <object_component_ref idref="oc-49"/>
      </symbol>
      <symbol id="sm-cf8">
         <name>__aeabi_memcpy8</name>
         <value>0x883d</value>
         <object_component_ref idref="oc-49"/>
      </symbol>
      <symbol id="sm-cf9">
         <name>__aeabi_memcpy4</name>
         <value>0x883d</value>
         <object_component_ref idref="oc-49"/>
      </symbol>
      <symbol id="sm-d10">
         <name>__TI_zero_init</name>
         <value>0x8ccb</value>
         <object_component_ref idref="oc-5b"/>
      </symbol>
      <symbol id="sm-d27">
         <name>__TI_decompress_none</name>
         <value>0x8cbd</value>
         <object_component_ref idref="oc-18"/>
      </symbol>
      <symbol id="sm-d4a">
         <name>__TI_decompress_lzss</name>
         <value>0x8a35</value>
         <object_component_ref idref="oc-12"/>
      </symbol>
      <symbol id="sm-d5d">
         <name>__stack</name>
         <value>0x20000c50</value>
         <object_component_ref idref="oc-21"/>
      </symbol>
      <symbol id="sm-d5e">
         <name>_c_int00_noargs</name>
         <value>0x8c41</value>
         <object_component_ref idref="oc-67"/>
      </symbol>
      <symbol id="sm-d86">
         <name>__TI_auto_init_nobinit_nopinit</name>
         <value>0x8b41</value>
         <object_component_ref idref="oc-277"/>
      </symbol>
      <symbol id="sm-d90">
         <name>_system_pre_init</name>
         <value>0x8ce9</value>
         <object_component_ref idref="oc-12d"/>
      </symbol>
      <symbol id="sm-d9c">
         <name>C$$EXIT</name>
         <value>0x8ced</value>
         <object_component_ref idref="oc-26b"/>
      </symbol>
      <symbol id="sm-d9d">
         <name>abort</name>
         <value>0x8ced</value>
         <object_component_ref idref="oc-26b"/>
      </symbol>
      <symbol id="sm-da0">
         <name>__TI_static_base__</name>
         <value>0x0</value>
      </symbol>
      <symbol id="sm-da3">
         <name>__mpu_init</name>
         <value>0x0</value>
      </symbol>
      <symbol id="sm-da4">
         <name>_system_post_cinit</name>
         <value>0x0</value>
      </symbol>
   </symbol_table>
   <title>Link successful</title>
</link_info>
